✅ PostgreSQL connected
✅ Tables synced
WebSocket server started on /ws
DawoLife API server running on port 4000 ✅ DB connected
[6:08:03 PM] ❌ GET /api/auth/session 401 81ms
[6:08:03 PM] ✅ GET /api/properties/933baccb-7a65-4f6d-82c0-1e4cc0ee84a0 304 107ms
[6:08:03 PM] ✅ GET /api/properties?city=Bole&limit=4 200 6ms
[6:08:25 PM] ❌ GET /api/auth/session 401 3ms
[6:08:25 PM] ❌ GET /api/auth/session 401 1ms
[6:08:25 PM] ✅ GET /api/properties?status=Approved 304 194ms
[6:08:25 PM] ✅ GET /api/properties 304 193ms
[6:08:25 PM] ✅ GET /api/vehicles 304 202ms
[6:08:25 PM] ✅ GET /api/properties?status=Approved 304 24ms
[6:08:25 PM] ✅ GET /api/properties 304 24ms
[6:08:25 PM] ✅ GET /api/vehicles 304 19ms
[6:08:35 PM] ❌ GET /api/auth/session 401 2ms
[6:08:35 PM] ❌ GET /api/auth/session 401 4ms
[6:08:35 PM] ✅ GET /api/vehicles/c4f89c5f-7b4c-4cf4-9cfa-37d4cfe3b2d3 200 22ms
[6:08:35 PM] ✅ GET /api/vehicles/c4f89c5f-7b4c-4cf4-9cfa-37d4cfe3b2d3 304 7ms
[6:08:35 PM] ✅ GET /api/vehicles?category=SUV&limit=3 200 8ms
[6:08:35 PM] ✅ GET /api/vehicles?category=SUV&limit=3 304 7ms
[6:09:53 PM] ❌ GET /api/auth/session 401 1ms
[6:09:53 PM] ❌ GET /api/auth/session 401 1ms
[6:09:53 PM] ✅ GET /api/properties?status=Approved 304 145ms
[6:09:53 PM] ✅ GET /api/properties 304 130ms
[6:09:53 PM] ✅ GET /api/vehicles 304 141ms
[6:09:53 PM] ✅ GET /api/properties 304 14ms
[6:09:53 PM] ✅ GET /api/properties?status=Approved 304 23ms
[6:09:53 PM] ✅ GET /api/vehicles 304 35ms
[6:10:27 PM] ❌ GET /api/auth/session 401 1ms
[6:10:27 PM] ✅ GET /api/properties?status=Approved 304 112ms
[6:10:27 PM] ✅ GET /api/properties 304 112ms
[6:10:27 PM] ✅ GET /api/vehicles 304 125ms
[6:12:00 PM] ✅ OPTIONS /api/auth/signin 204 3ms
[6:12:00 PM] ✅ POST /api/auth/signin 200 1297ms
[6:12:02 PM] ✅ GET /api/auth/session 200 8ms
[6:12:32 PM] ✅ GET /api/auth/session 200 209ms
[6:13:43 PM] ✅ GET /api/auth/session 200 76ms
[6:15:27 PM] ✅ OPTIONS /api/auth/signin 204 2ms
[6:15:27 PM] ✅ POST /api/auth/signin 200 1178ms
[6:15:28 PM] ✅ GET /api/auth/session 200 4ms
[6:17:24 PM] ✅ GET /api/auth/session 200 125ms
[6:17:25 PM] ✅ GET /api/auth/session 200 9ms
[6:17:32 PM] ✅ GET /api/auth/session 200 3ms
[6:17:33 PM] ✅ GET /api/auth/session 200 7ms
[6:17:40 PM] ✅ GET /api/auth/session 200 4ms
[6:17:40 PM] ✅ GET /api/auth/session 200 5ms
[6:17:50 PM] ✅ GET /api/auth/session 200 2ms
[6:17:50 PM] ✅ GET /api/auth/session 200 3ms
[6:17:58 PM] ✅ GET /api/auth/session 200 3ms
[6:17:59 PM] ✅ GET /api/auth/session 200 4ms
[6:18:08 PM] ✅ GET /api/auth/session 200 2ms
[6:18:08 PM] ✅ GET /api/auth/session 200 4ms
[6:18:20 PM] ✅ GET /api/auth/session 200 97ms
[6:18:21 PM] ✅ GET /api/auth/session 200 3ms
[6:18:30 PM] ✅ GET /api/auth/session 200 3ms
[6:18:31 PM] ✅ GET /api/auth/session 200 16ms
[6:18:49 PM] ✅ GET /api/auth/session 200 95ms
[6:19:11 PM] ✅ GET /api/auth/session 200 102ms
[6:21:07 PM] ✅ GET /api/auth/session 200 135ms
[6:21:16 PM] ✅ GET /api/auth/session 200 4ms
[6:21:17 PM] ✅ GET /api/auth/session 200 4ms
[6:21:41 PM] ✅ GET /api/auth/session 200 86ms
[6:21:50 PM] ✅ GET /api/auth/session 200 4ms
[6:21:50 PM] ✅ GET /api/auth/session 200 6ms
[6:21:50 PM] ✅ GET /api/auth/session 200 4ms
[6:25:34 PM] ✅ OPTIONS /api/auth/register 204 0ms
[6:25:34 PM] ❌ POST /api/auth/register 409 127ms
[6:25:49 PM] ✅ OPTIONS /api/auth/register 204 1ms
[6:25:49 PM] ✅ POST /api/auth/register 201 980ms
[6:25:50 PM] ✅ OPTIONS /api/auth/signin 204 1ms
Failed to send verification email: Brevo email failed (401): {"message":"Key not found","code":"unauthorized"}

[6:25:50 PM] ✅ POST /api/auth/signin 200 1240ms
[6:46:38 PM] ✅ POST /api/auth/signin 200 1513ms
[6:47:19 PM] ✅ OPTIONS /api/auth/session 204 2ms
[6:47:19 PM] ❌ GET /api/auth/session 401 3ms
[6:48:26 PM] ✅ OPTIONS /api/auth/signin 204 2ms
[6:48:26 PM] ✅ POST /api/auth/signin 200 934ms
[6:48:27 PM] ✅ GET /api/auth/session 200 4ms
[6:48:28 PM] ❌ GET /api/notifications?count=true 401 1ms
[6:48:28 PM] ❌ GET /api/admin/agents?status=all 401 1ms
[6:48:28 PM] ❌ GET /api/payments?role=admin&limit=5 401 1ms
[6:48:28 PM] ✅ GET /api/properties?status=all 200 12ms
[6:48:28 PM] ❌ GET /api/notifications?count=true 401 2ms
[6:48:28 PM] ❌ GET /api/admin/agents?status=all 401 2ms
[6:48:28 PM] ❌ GET /api/payments?role=admin&limit=5 401 2ms
[6:48:28 PM] ✅ GET /api/properties?status=all 304 8ms
[6:48:44 PM] ✅ GET /api/auth/session 200 163ms
[6:48:46 PM] ❌ GET /api/admin/agents?search=&status=all 401 0ms
[6:48:46 PM] ❌ GET /api/admin/agents?search=&status=all 401 0ms
[6:48:52 PM] ✅ GET /api/auth/session 200 7ms
[6:48:54 PM] ✅ GET /api/properties?status=all&search= 200 17ms
[6:48:54 PM] ✅ GET /api/properties?status=all&search= 304 4ms
[6:48:58 PM] ❌ GET /api/notifications?count=true 401 2ms
[6:49:00 PM] ✅ GET /api/auth/session 200 7ms
[6:49:01 PM] ❌ GET /api/admin/users 401 2ms
[6:49:01 PM] ❌ GET /api/admin/users 401 2ms
[6:49:03 PM] ✅ GET /api/auth/session 200 3ms
[6:49:05 PM] ❌ GET /api/payments?role=admin&page=1&limit=15 401 1ms
[6:49:05 PM] ❌ GET /api/payments?role=admin&page=1&limit=15 401 1ms
[6:49:06 PM] ✅ GET /api/auth/session 200 7ms
[6:49:06 PM] ✅ GET /api/properties?status=all&search= 304 7ms
[6:49:06 PM] ✅ GET /api/properties?status=all&search= 304 7ms
[6:49:08 PM] ✅ GET /api/auth/session 200 4ms
[6:49:08 PM] ❌ GET /api/admin/users 401 1ms
[6:49:08 PM] ❌ GET /api/admin/users 401 1ms
[6:49:29 PM] ❌ GET /api/notifications?count=true 401 2ms
[6:49:46 PM] ✅ GET /api/auth/session 200 207ms
[6:49:59 PM] ❌ GET /api/notifications?count=true 401 2ms
[6:49:59 PM] ✅ GET /api/auth/session 200 77ms
[6:50:12 PM] ✅ GET /api/auth/session 200 76ms
[6:50:25 PM] ✅ GET /api/auth/session 200 73ms
[6:50:29 PM] ❌ GET /api/notifications?count=true 401 1ms
[6:50:59 PM] ❌ GET /api/notifications?count=true 401 2ms
[6:51:18 PM] ✅ GET /api/auth/session 200 112ms
[6:51:19 PM] ✅ GET /api/auth/session 200 2ms
[6:51:29 PM] ❌ GET /api/notifications?count=true 401 1ms
[6:51:42 PM] ✅ GET /api/auth/session 200 138ms
[6:51:43 PM] ✅ GET /api/auth/session 200 2ms
[6:51:43 PM] ✅ GET /api/auth/session 200 4ms
[6:52:41 PM] ❌ GET /api/notifications?count=true 401 1ms
[6:53:41 PM] ❌ GET /api/notifications?count=true 401 2ms
[6:54:41 PM] ❌ GET /api/notifications?count=true 401 2ms
[6:55:41 PM] ❌ GET /api/notifications?count=true 401 2ms
[6:56:41 PM] ❌ GET /api/notifications?count=true 401 2ms
[6:56:54 PM] ✅ GET /api/auth/session 200 195ms
[6:56:55 PM] ❌ GET /api/payments?role=admin&page=1&limit=15 401 1ms
[6:56:55 PM] ❌ GET /api/payments?role=admin&page=1&limit=15 401 1ms
[6:56:58 PM] ❌ GET /api/notifications?count=true 401 2ms
[6:56:59 PM] ✅ GET /api/auth/session 200 7ms
